           *******************************************************
                            Listing of SPARK Text
                              Examiner GPL 2012
             Copyright (C) 2012 Altran Praxis Limited, Bath, U.K.
           *******************************************************


                        DATE : 20-OCT-2015 10:25:22.39

Line
   1  with Sensors, Console, Alarm, EscapeValve;
   2  package body AVP
   3  is
   4     procedure Control is
   5          Sensor_Value: Sensors.Sensor_Type;
   6     begin 
   7  
   8          Sensor_Value := Sensors.Read_Sensor_Majority;
   9     
  10          if EscapeValve.Activated = False then
  11  
  12              -- if normal
  13              if (Sensor_Value < 100) then
  14                  
  15                  -- if alarm is active
  16                  if Alarm.Enabled = True then
  17                      Alarm.Disable;
  18                  end if;
  19              elsif (Sensor_Value >= 100) then
  20                  -- check if value got reduced
  21                  -- if high
  22                  if(Sensor_Value <= 149) then
  23                      -- enable alarm
  24                      if Alarm.Enabled = False then
  25  
  26                          Console.Inc_Alarm_Cnt;
  27                          Alarm.Enable;
  28  
  29                      else -- if the alarm has already been activated activate the valve  
  30                              EscapeValve.Activate;
  31                      end if;
  32                  -- if critical
  33                  elsif (Sensor_Value >= 150) then
  34                      -- activate escape valve
  35                      EscapeValve.Activate;
  36                      -- if alarm not active - activate
  37                      if Alarm.Enabled = False then
  38                          Console.Inc_Alarm_Cnt;
  39                          Alarm.Enable;
  40                      end if;
  41                  end if;
  42              end if;
  43          end if;
  44          
  45          -- if reset mechanism is enabled
  46          if Console.Reset_Enabled = True then
  47              Alarm.Disable;
  48              EscapeValve.Deactivate;
  49          end if;
  50  
  51     end Control;

+++        Flow analysis of subprogram Control performed 
           (data-flow mode): no errors found.

  52     
  53  end AVP;

Note: Flow analysis mode is automatic


--End of file--------------------------------------------------
